// Jest Snapshot v1, https://goo.gl/fbAQLP

exports[`Pruebas en GifItem Debe de hacer match con el snapshot 1`] = `
<div>
  <div
    class="card"
  >
    <img
      alt="Demon Slayer"
      src="https://www.Demon-slayer.com/Demon-Slayer"
    />
    <p>
      Demon Slayer
    </p>
  </div>
</div>
`;
